`/Users/jack` is not writable.
TMPDIR is not writable: /var/folders/2q/7jl8gxrx24s09g54vc2qxh9r0000gn/T
system temporary path is not writable: /var/folders/2q/7jl8gxrx24s09g54vc2qxh9r0000gn/T
TMPDIR is not writable: /var/folders/2q/7jl8gxrx24s09g54vc2qxh9r0000gn/T
system temporary path is not writable: /var/folders/2q/7jl8gxrx24s09g54vc2qxh9r0000gn/T
Bundler will use `/tmp/bundler20260206-1508-48yivs1508' as your home directory temporarily.
Rails Error: Unable to access log file. Please ensure that /Users/jack/chatting_b/log/test.log exists and is writable (i.e. make it writable for user and group: chmod 0664 /Users/jack/chatting_b/log/test.log). The log level has been raised to WARN and the output directed to STDERR until the problem is fixed.
/Users/jack/.local/share/mise/installs/ruby/3.4.5/lib/ruby/gems/3.4.0/gems/railties-8.0.2/lib/rails/application/configuration.rb:640:in 'IO.binwrite': Operation not permitted @ rb_sysopen - /Users/jack/chatting_b/tmp/local_secret.txt (Errno::EPERM)
	from /Users/jack/.local/share/mise/installs/ruby/3.4.5/lib/ruby/gems/3.4.0/gems/railties-8.0.2/lib/rails/application/configuration.rb:640:in 'Rails::Application::Configuration#generate_local_secret'
	from /Users/jack/.local/share/mise/installs/ruby/3.4.5/lib/ruby/gems/3.4.0/gems/railties-8.0.2/lib/rails/application/configuration.rb:511:in 'Rails::Application::Configuration#secret_key_base'
	from /Users/jack/.local/share/mise/installs/ruby/3.4.5/lib/ruby/gems/3.4.0/gems/devise-4.9.4/lib/devise/secret_key_finder.rb:24:in 'Devise::SecretKeyFinder#key_exists?'
	from /Users/jack/.local/share/mise/installs/ruby/3.4.5/lib/ruby/gems/3.4.0/gems/devise-4.9.4/lib/devise/secret_key_finder.rb:14:in 'Devise::SecretKeyFinder#find'
	from /Users/jack/.local/share/mise/installs/ruby/3.4.5/lib/ruby/gems/3.4.0/gems/devise-4.9.4/lib/devise/rails.rb:41:in 'block in <class:Engine>'
	from /Users/jack/.local/share/mise/installs/ruby/3.4.5/lib/ruby/gems/3.4.0/gems/railties-8.0.2/lib/rails/initializable.rb:32:in 'BasicObject#instance_exec'
	from /Users/jack/.local/share/mise/installs/ruby/3.4.5/lib/ruby/gems/3.4.0/gems/railties-8.0.2/lib/rails/initializable.rb:32:in 'Rails::Initializable::Initializer#run'
	from /Users/jack/.local/share/mise/installs/ruby/3.4.5/lib/ruby/gems/3.4.0/gems/railties-8.0.2/lib/rails/initializable.rb:61:in 'block in Rails::Initializable#run_initializers'
	from /Users/jack/.local/share/mise/installs/ruby/3.4.5/lib/ruby/3.4.0/tsort.rb:231:in 'block in TSort.tsort_each'
	from /Users/jack/.local/share/mise/installs/ruby/3.4.5/lib/ruby/3.4.0/tsort.rb:353:in 'block (2 levels) in TSort.each_strongly_connected_component'
	from /Users/jack/.local/share/mise/installs/ruby/3.4.5/lib/ruby/3.4.0/tsort.rb:434:in 'TSort.each_strongly_connected_component_from'
	from /Users/jack/.local/share/mise/installs/ruby/3.4.5/lib/ruby/3.4.0/tsort.rb:352:in 'block in TSort.each_strongly_connected_component'
	from /Users/jack/.local/share/mise/installs/ruby/3.4.5/lib/ruby/3.4.0/tsort.rb:350:in 'Rails::Initializable::Collection#each'
	from /Users/jack/.local/share/mise/installs/ruby/3.4.5/lib/ruby/3.4.0/tsort.rb:350:in 'Method#call'
	from /Users/jack/.local/share/mise/installs/ruby/3.4.5/lib/ruby/3.4.0/tsort.rb:350:in 'TSort.each_strongly_connected_component'
	from /Users/jack/.local/share/mise/installs/ruby/3.4.5/lib/ruby/3.4.0/tsort.rb:229:in 'TSort.tsort_each'
	from /Users/jack/.local/share/mise/installs/ruby/3.4.5/lib/ruby/3.4.0/tsort.rb:208:in 'TSort#tsort_each'
	from /Users/jack/.local/share/mise/installs/ruby/3.4.5/lib/ruby/gems/3.4.0/gems/railties-8.0.2/lib/rails/initializable.rb:60:in 'Rails::Initializable#run_initializers'
	from /Users/jack/.local/share/mise/installs/ruby/3.4.5/lib/ruby/gems/3.4.0/gems/railties-8.0.2/lib/rails/application.rb:440:in 'Rails::Application#initialize!'
	from /Users/jack/chatting_b/config/environment.rb:5:in '<main>'
	from /Users/jack/chatting_b/test/test_helper.rb:2:in 'Kernel#require_relative'
	from /Users/jack/chatting_b/test/test_helper.rb:2:in '<main>'
	from /Users/jack/.local/share/mise/installs/ruby/3.4.5/lib/ruby/3.4.0/bundled_gems.rb:82:in 'Kernel.require'
	from /Users/jack/.local/share/mise/installs/ruby/3.4.5/lib/ruby/3.4.0/bundled_gems.rb:82:in 'block (2 levels) in Kernel#replace_require'
	from /Users/jack/.local/share/mise/installs/ruby/3.4.5/lib/ruby/gems/3.4.0/gems/bootsnap-1.18.6/lib/bootsnap/load_path_cache/core_ext/kernel_require.rb:30:in 'Kernel#require'
	from /Users/jack/chatting_b/test/controllers/api/feeds_interaction_test.rb:1:in '<main>'
	from /Users/jack/.local/share/mise/installs/ruby/3.4.5/lib/ruby/3.4.0/bundled_gems.rb:82:in 'Kernel.require'
	from /Users/jack/.local/share/mise/installs/ruby/3.4.5/lib/ruby/3.4.0/bundled_gems.rb:82:in 'block (2 levels) in Kernel#replace_require'
	from /Users/jack/.local/share/mise/installs/ruby/3.4.5/lib/ruby/gems/3.4.0/gems/bootsnap-1.18.6/lib/bootsnap/load_path_cache/core_ext/kernel_require.rb:30:in 'Kernel#require'
	from /Users/jack/.local/share/mise/installs/ruby/3.4.5/lib/ruby/gems/3.4.0/gems/railties-8.0.2/lib/rails/test_unit/runner.rb:66:in 'block in Rails::TestUnit::Runner.load_tests'
	from /Users/jack/.local/share/mise/installs/ruby/3.4.5/lib/ruby/gems/3.4.0/gems/railties-8.0.2/lib/rails/test_unit/runner.rb:64:in 'Array#each'
	from /Users/jack/.local/share/mise/installs/ruby/3.4.5/lib/ruby/gems/3.4.0/gems/railties-8.0.2/lib/rails/test_unit/runner.rb:64:in 'Rails::TestUnit::Runner.load_tests'
	from /Users/jack/.local/share/mise/installs/ruby/3.4.5/lib/ruby/gems/3.4.0/gems/railties-8.0.2/lib/rails/test_unit/runner.rb:56:in 'Rails::TestUnit::Runner.run'
	from /Users/jack/.local/share/mise/installs/ruby/3.4.5/lib/ruby/gems/3.4.0/gems/railties-8.0.2/lib/rails/commands/test/test_command.rb:33:in 'Rails::Command::TestCommand#perform'
	from /Users/jack/.local/share/mise/installs/ruby/3.4.5/lib/ruby/gems/3.4.0/gems/thor-1.4.0/lib/thor/command.rb:28:in 'Thor::Command#run'
	from /Users/jack/.local/share/mise/installs/ruby/3.4.5/lib/ruby/gems/3.4.0/gems/thor-1.4.0/lib/thor/invocation.rb:127:in 'Thor::Invocation#invoke_command'
	from /Users/jack/.local/share/mise/installs/ruby/3.4.5/lib/ruby/gems/3.4.0/gems/railties-8.0.2/lib/rails/command/base.rb:178:in 'Rails::Command::Base#invoke_command'
	from /Users/jack/.local/share/mise/installs/ruby/3.4.5/lib/ruby/gems/3.4.0/gems/thor-1.4.0/lib/thor.rb:538:in 'Thor.dispatch'
	from /Users/jack/.local/share/mise/installs/ruby/3.4.5/lib/ruby/gems/3.4.0/gems/railties-8.0.2/lib/rails/command/base.rb:73:in 'Rails::Command::Base.perform'
	from /Users/jack/.local/share/mise/installs/ruby/3.4.5/lib/ruby/gems/3.4.0/gems/railties-8.0.2/lib/rails/command.rb:65:in 'block in Rails::Command.invoke'
	from /Users/jack/.local/share/mise/installs/ruby/3.4.5/lib/ruby/gems/3.4.0/gems/railties-8.0.2/lib/rails/command.rb:143:in 'Rails::Command.with_argv'
	from /Users/jack/.local/share/mise/installs/ruby/3.4.5/lib/ruby/gems/3.4.0/gems/railties-8.0.2/lib/rails/command.rb:63:in 'Rails::Command.invoke'
	from /Users/jack/.local/share/mise/installs/ruby/3.4.5/lib/ruby/gems/3.4.0/gems/railties-8.0.2/lib/rails/commands.rb:18:in '<main>'
	from /Users/jack/.local/share/mise/installs/ruby/3.4.5/lib/ruby/3.4.0/bundled_gems.rb:82:in 'Kernel.require'
	from /Users/jack/.local/share/mise/installs/ruby/3.4.5/lib/ruby/3.4.0/bundled_gems.rb:82:in 'block (2 levels) in Kernel#replace_require'
	from /Users/jack/.local/share/mise/installs/ruby/3.4.5/lib/ruby/gems/3.4.0/gems/bootsnap-1.18.6/lib/bootsnap/load_path_cache/core_ext/kernel_require.rb:30:in 'Kernel#require'
	from bin/rails:4:in '<main>'
